bjackel@zippy ~
$ cd ~

bjackel@zippy ~
$ pwd
/home/bjackel

bjackel@zippy ~
$ ln -sf c:/Users/bjackel/Dropbox

bjackel@zippy ~
$ cd Dropbox/work/skymap/

bjackel@zippy ~/Dropbox/work/skymap
$ mkdir googlecode.svn

bjackel@zippy ~/Dropbox/work/skymap
$ cd googlecode.svn/

bjackel@zippy ~/Dropbox/work/skymap/googlecode.svn
$ svn checkout https://calgary-skymap.googlecode.com/svn/trunk/ calgary-skymap --username brian.jackel@gmail.com 

Error validating server certificate for 'https://calgary-skymap.googlecode.com:443':
 - The certificate is not issued by a trusted authority. Use the
   fingerprint to validate the certificate manually!
Certificate information:
 - Hostname: *.googlecode.com
 - Valid: from Wed, 11 Apr 2012 00:04:01 GMT until Thu, 11 Apr 2013 00:14:01 GMT
 - Issuer: Google Inc, US
 - Fingerprint: cb:f1:c8:ac:28:d5:61:b7:c1:9c:73:7e:3a:b6:bb:e2:e6:55:95:2a
(R)eject, accept (t)emporarily or accept (p)ermanently? svn: E175002: Unable to connect to a repository at URL 'https://calgary-skymap.googlecode.com/svn/trunk'
svn: E175002: OPTIONS of 'https://calgary-skymap.googlecode.com/svn/trunk': Server certificate verification failed: issuer is not trusted (https://calgary-skymap.googlecode.com)

bjackel@zippy ~/Dropbox/work/skymap/googlecode.svn
$ svn checkout https://calgary-skymap.googlecode.com/svn/trunk/ calgary-skymap --username brian.jackel@gmail.com
Checked out revision 4.

bjackel@zippy ~/Dropbox/work/skymap/googlecode.svn
$ svn checkout https://calgary-skymap.googlecode.com/svn/ . --username brian.jackel@gmail.com
A    wiki
A    wiki/Main.wiki
A    wiki/SkyMap.wiki
A    trunk
A    branches
A    tags
Checked out revision 4.

How do I download my Subversion history?

To download the history of your Google Code repository, use the svnsync tool that ships with Subversion 1.4 or later. Run 'svnsync help' to read more about this tool. Note that your local repository must have an executable 'pre-revprop-change' hook script which allows revprop changes (or at least those of the form 'svnsync*'.) Here's a sample transcript that demonstrates how you can pull history from your Google Code repository to a local repository:

  $ svnadmin create localrepos
  $ emacs localrepos/hooks/pre-revprop-change # make it 'exit 0'
  $ chmod +x localrepos/hooks/pre-revprop-change
  $ svnsync init --username USERNAME file:///path/to/localrepos https://myproject.googlecode.com/svn
  Copied properties for revision 0.
  $ svnsync sync --username USERNAME file:///path/to/localrepos
  Committed revision 1.
  Copied properties for revision 1.
  Committed revision 2.
  Copied properties for revision 2.
  [...]
After you've done this once, you can continue to run the last 'svnsync sync' command to periodically pull down the latest commits and keep your local mirror up-to-date.
